[2026-05-22T18:24:05.325Z] GET file:///Users/louloubl/AA_DEV/DemandeSara/index.html → 200 (3ms, 26303B)
[2026-05-22T18:32:58.584Z] GET https://rusholme.org/ → pending (?ms, ?B)
[2026-05-22T18:32:59.142Z] GET https://img1.wsimg.com/ceph-p3-01/website-builder-data-prod/static/widgets/UX.4.20.4.js → 200 (137ms, 295738B)
[2026-05-22T18:32:59.144Z] GET https://img1.wsimg.com/gfonts/s/muli/v34/7Aulp_0qiz-aVz7u3PJLcUMYOFnOkEk30eg.woff2 → 200 (144ms, 18492B)
[2026-05-22T18:32:59.144Z] GET https://img1.wsimg.com/gfonts/s/quicksand/v37/6xKtdSZaM9iE8KbpRA_hK1QN.woff2 → 200 (151ms, 28244B)
[2026-05-22T18:32:59.144Z] GET https://img1.wsimg.com/isteam/ip/762c413a-f600-4a5b-87a0-2b9e58f7f4b4/Final%20Rusholme%20Logos%20%2B%20icon-21.png/:/rs=h:320,cg:true,m/qt=q:95 → pending (?ms, ?B)
[2026-05-22T18:32:59.144Z] GET https://img1.wsimg.com/isteam/stock/9345/:/rs=w:1500,h:1000,cg:true,m/cr=w:1500,h:1000 → 200 (188ms, 93368B)
[2026-05-22T18:32:59.144Z] GET https://img1.wsimg.com/isteam/stock/106509/:/rs=w:600,h:300,cg:true,m/cr=w:600,h:300 → 200 (103ms, 18616B)
[2026-05-22T18:32:59.144Z] GET https://img1.wsimg.com/isteam/stock/2943/:/rs=w:600,h:300,cg:true,m/cr=w:600,h:300 → 200 (309ms, 35278B)
[2026-05-22T18:32:59.144Z] GET https://img1.wsimg.com/isteam/stock/12135/:/rs=w:1240,h:620,cg:true,m/cr=w:1240,h:620 → 200 (132ms, 110908B)
[2026-05-22T18:32:59.144Z] GET https://img1.wsimg.com/blobby/go/762c413a-f600-4a5b-87a0-2b9e58f7f4b4/gpub/ce4f9da5f4fa6e17/script.js → 200 (152ms, 59694B)
[2026-05-22T18:32:59.145Z] GET https://img1.wsimg.com/blobby/go/762c413a-f600-4a5b-87a0-2b9e58f7f4b4/gpub/1f2595bf4e37d44/script.js → 200 (159ms, 10508B)
[2026-05-22T18:32:59.145Z] GET https://img1.wsimg.com/tcc/tcc_l.combined.1.0.6.min.js → 301 (151ms, ?B)
[2026-05-22T18:32:59.296Z] GET https://img1.wsimg.com/signals/js/clients/scc-c2/scc-c2.min.js → 200 (26ms, 104828B)
[2026-05-22T18:32:59.319Z] GET https://img1.wsimg.com/traffic-assets/js/tccl-tti.min.js → 301 (20ms, ?B)
[2026-05-22T18:32:59.319Z] GET https://img1.wsimg.com/blobby/go/static/radpack/@widget/LAYOUT/bs-layout21-Theme-publish-Theme-4f19ee6a.js → 200 (24ms, 8347B)
[2026-05-22T18:32:59.319Z] GET https://img1.wsimg.com/blobby/go/static/radpack/@widget/LAYOUT/c/bs-_rollupPluginBabelHelpers-5d5d5aa3.js → 200 (20ms, 563B)
[2026-05-22T18:32:59.319Z] GET https://img1.wsimg.com/blobby/go/static/radpack/@widget/LAYOUT/c/bs-defaultSocialIconPack-91835b99.js → 200 (35ms, 23189B)
[2026-05-22T18:32:59.319Z] GET https://img1.wsimg.com/blobby/go/static/radpack/@widget/LAYOUT/c/bs-index-d15d4cb0.js → 200 (35ms, 876B)
[2026-05-22T18:32:59.319Z] GET https://img1.wsimg.com/blobby/go/static/radpack/@widget/LAYOUT/c/bs-index3-ed1df540.js → 200 (48ms, 238278B)
[2026-05-22T18:32:59.319Z] GET https://img1.wsimg.com/blobby/go/static/radpack/@widget/LAYOUT/c/bs-legacyOverrides-17961cd1.js → 200 (45ms, 324B)
[2026-05-22T18:32:59.319Z] GET https://img1.wsimg.com/blobby/go/static/radpack/@widget/LAYOUT/c/bs-loaders-fffeeba5.js → 200 (47ms, 3092B)
[2026-05-22T18:32:59.319Z] GET https://img1.wsimg.com/blobby/go/static/radpack/@widget/LAYOUT/c/bs-modernThinRound-e242cfac.js → 200 (47ms, 13891B)
[2026-05-22T18:32:59.319Z] GET https://img1.wsimg.com/blobby/go/static/radpack/@wsb/guac-widget-shared/lib/components/Carousel-9d826caf.js → 200 (47ms, 22786B)
[2026-05-22T18:32:59.319Z] GET https://img1.wsimg.com/blobby/go/static/radpack/@wsb/guac-widget-shared/lib/components/ColorSwatch-fad18f03.js → 200 (47ms, 1256B)
[2026-05-22T18:32:59.319Z] GET https://img1.wsimg.com/blobby/go/static/radpack/@widget/LAYOUT/c/bs-dataAids-6a839d53.js → 200 (48ms, 1874B)
[2026-05-22T18:32:59.319Z] GET https://img1.wsimg.com/blobby/go/static/radpack/@widget/LAYOUT/c/bs-index2-5a810c82.js → 200 (48ms, 1400B)
[2026-05-22T18:32:59.319Z] GET https://img1.wsimg.com/blobby/go/static/radpack/@widget/LAYOUT/c/bs-overlayTypes-e1dbe765.js → 200 (48ms, 437B)
[2026-05-22T18:32:59.319Z] GET https://img1.wsimg.com/blobby/go/static/radpack/@widget/LAYOUT/c/bs-searchFormLocations-c86f2a99.js → 200 (48ms, 304B)
[2026-05-22T18:32:59.319Z] GET https://img1.wsimg.com/blobby/go/static/radpack/@wsb/guac-widget-shared/c/_commonjsHelpers-758665cc.js → 200 (48ms, 960B)
[2026-05-22T18:32:59.319Z] GET https://img1.wsimg.com/blobby/go/static/radpack/@wsb/guac-widget-shared/c/_react_commonjs-external-3d5a31a2.js → 200 (48ms, 266B)
[2026-05-22T18:32:59.319Z] GET https://img1.wsimg.com/blobby/go/static/radpack/@wsb/guac-widget-shared/c/interopRequireDefault-112e3bdc.js → 200 (25ms, 338B)
[2026-05-22T18:32:59.339Z] GET https://img1.wsimg.com/signals/js/clients/tti/tti.min.js → 200 (113ms, 21592B)
[2026-05-22T18:33:01.468Z] POST https://csp.secureserver.net/eventbus/web?clientid=b18ef4f046435b64a469b32c3c1c20a3 → pending (?ms, ?B)
[2026-05-22T18:33:01.469Z] POST https://csp.secureserver.net/eventbus/web?clientid=8da2217409854bee82e12dc4ca0b39fb → pending (?ms, ?B)
[2026-05-22T18:33:01.825Z] GET https://img1.wsimg.com/isteam/stock/9345/:/rs=w:750,h:500,cg:true,m/cr=w:750,h:500 → pending (?ms, ?B)
[2026-05-22T18:33:01.825Z] GET https://img1.wsimg.com/isteam/stock/106509/:/rs=w:403,h:202,cg:true,m/cr=w:403,h:202 → pending (?ms, ?B)
[2026-05-22T18:33:01.825Z] GET https://img1.wsimg.com/isteam/stock/2943/:/rs=w:403,h:202,cg:true,m/cr=w:403,h:202 → pending (?ms, ?B)
[2026-05-22T18:33:01.825Z] GET https://img1.wsimg.com/isteam/stock/12135/:/rs=w:403,h:202,cg:true,m/cr=w:403,h:202 → pending (?ms, ?B)
[2026-05-22T18:33:01.829Z] GET https://img1.wsimg.com/isteam/stock/9345/:/rs=w:1500,h:1000,cg:true,m/cr=w:1500,h:1000 → 200 (1ms, 93368B)
[2026-05-22T18:33:01.829Z] GET https://img1.wsimg.com/isteam/stock/106509/:/rs=w:600,h:300,cg:true,m/cr=w:600,h:300 → 200 (1ms, 18616B)
[2026-05-22T18:33:01.829Z] GET https://img1.wsimg.com/isteam/stock/2943/:/rs=w:600,h:300,cg:true,m/cr=w:600,h:300 → 200 (1ms, 35278B)
[2026-05-22T18:33:01.829Z] GET https://img1.wsimg.com/isteam/stock/12135/:/rs=w:1240,h:620,cg:true,m/cr=w:1240,h:620 → 200 (1ms, 110908B)
[2026-05-22T18:33:07.923Z] GET https://img1.wsimg.com/isteam/stock/106509/:/rs=w:403,h:202,cg:true,m/cr=w:403,h:202 → 200 (1ms, 11882B)
[2026-05-22T18:33:07.923Z] GET https://img1.wsimg.com/isteam/stock/2943/:/rs=w:403,h:202,cg:true,m/cr=w:403,h:202 → 200 (1ms, 19998B)
[2026-05-22T18:33:07.923Z] GET https://img1.wsimg.com/isteam/stock/12135/:/rs=w:403,h:202,cg:true,m/cr=w:403,h:202 → 200 (2ms, 14624B)
[2026-05-22T18:33:08.044Z] GET https://img1.wsimg.com/isteam/stock/12135/:/rs=w:1023,h:512,cg:true,m/cr=w:1023,h:512 → pending (?ms, ?B)
[2026-05-22T18:33:12.969Z] POST https://csp.secureserver.net/eventbus/web?clientid=8da2217409854bee82e12dc4ca0b39fb → pending (?ms, ?B)
[2026-05-22T18:33:13.162Z] GET https://img1.wsimg.com/isteam/ip/762c413a-f600-4a5b-87a0-2b9e58f7f4b4/Final%20Rusholme%20Logos%20%2B%20icon-21.png/:/rs=h:320,cg:true,m/qt=q:95 → 200 (1ms, 19708B)
